[debug] [2026-09-15T12:09:07.348Z] ----------------------------------------------------------------------
[debug] [2026-09-15T12:09:07.351Z] Command:       C:\Program Files\nodejs\node.exe C:\Users\VI TINH THANH AN\AppData\Roaming\npm\node_modules\firebase-tools\lib\bin\firebase.js deploy --only firestore:rules
[debug] [2026-09-15T12:09:07.351Z] CLI Version:   14.12.0
[debug] [2026-09-15T12:09:07.351Z] Platform:      win32
[debug] [2026-09-15T12:09:07.351Z] Node Version:  v24.19.0
[debug] [2026-09-15T12:09:07.351Z] Time:          Tue Sep 15 2026 19:09:07 GMT+0700 (Indochina Time)
[debug] [2026-09-15T12:09:07.352Z] ----------------------------------------------------------------------
[debug] 
[debug] [2026-09-15T12:09:07.556Z] > command requires scopes: ["email","openid","https://www.googleapis.com/auth/cloudplatformprojects.readonly","https://www.googleapis.com/auth/firebase","https://www.googleapis.com/auth/cloud-platform"]
[debug] [2026-09-15T12:09:07.557Z] > authorizing via signed-in user (icloud07072010@gmail.com)
[debug] [2026-09-15T12:09:07.557Z] [iam] checking project englishproject-c0131 for permissions ["datastore.indexes.create","datastore.indexes.delete","datastore.indexes.list","datastore.indexes.update","firebase.projects.get"]
[debug] [2026-09-15T12:09:07.559Z] Checked if tokens are valid: true, expires at: 1789477006406
[debug] [2026-09-15T12:09:07.559Z] Checked if tokens are valid: true, expires at: 1789477006406
[debug] [2026-09-15T12:09:07.560Z] >>> [apiv2][query] POST https://cloudresourcemanager.googleapis.com/v1/projects/englishproject-c0131:testIamPermissions [none]
[debug] [2026-09-15T12:09:07.560Z] >>> [apiv2][(partial)header] POST https://cloudresourcemanager.googleapis.com/v1/projects/englishproject-c0131:testIamPermissions x-goog-quota-user=projects/englishproject-c0131
[debug] [2026-09-15T12:09:07.560Z] >>> [apiv2][body] POST https://cloudresourcemanager.googleapis.com/v1/projects/englishproject-c0131:testIamPermissions {"permissions":["datastore.indexes.create","datastore.indexes.delete","datastore.indexes.list","datastore.indexes.update","firebase.projects.get"]}
[debug] [2026-09-15T12:09:09.789Z] <<< [apiv2][status] POST https://cloudresourcemanager.googleapis.com/v1/projects/englishproject-c0131:testIamPermissions 200
[debug] [2026-09-15T12:09:09.789Z] <<< [apiv2][body] POST https://cloudresourcemanager.googleapis.com/v1/projects/englishproject-c0131:testIamPermissions {"permissions":["datastore.indexes.create","datastore.indexes.delete","datastore.indexes.list","datastore.indexes.update","firebase.projects.get"]}
[info] 
[info] === Deploying to 'englishproject-c0131'...
[info] 
[info] i  deploying firestore 
[info] i  firestore: reading indexes from firestore.indexes.json... 
[info] i  cloud.firestore: checking firestore.rules for compilation errors... 
[debug] [2026-09-15T12:09:09.794Z] Checked if tokens are valid: true, expires at: 1789477006406
[debug] [2026-09-15T12:09:09.794Z] Checked if tokens are valid: true, expires at: 1789477006406
[debug] [2026-09-15T12:09:09.794Z] >>> [apiv2][query] POST https://firebaserules.googleapis.com/v1/projects/englishproject-c0131:test [none]
[debug] [2026-09-15T12:09:09.794Z] >>> [apiv2][body] POST https://firebaserules.googleapis.com/v1/projects/englishproject-c0131:test [omitted]
[debug] [2026-09-15T12:09:15.682Z] <<< [apiv2][status] POST https://firebaserules.googleapis.com/v1/projects/englishproject-c0131:test 200
[debug] [2026-09-15T12:09:15.682Z] <<< [apiv2][body] POST https://firebaserules.googleapis.com/v1/projects/englishproject-c0131:test {}
[info] +  cloud.firestore: rules file firestore.rules compiled successfully 
[debug] [2026-09-15T12:09:15.684Z] Checked if tokens are valid: true, expires at: 1789477006406
[debug] [2026-09-15T12:09:15.684Z] Checked if tokens are valid: true, expires at: 1789477006406
[debug] [2026-09-15T12:09:15.684Z] >>> [apiv2][query] GET https://firestore.googleapis.com/v1/projects/englishproject-c0131/databases/(default) [none]
